Archive member included because of file (symbol)

c:/winavr-20100110/bin/../lib/gcc/avr/4.3.3/avr5\libgcc.a(_exit.o)
                              c:/winavr-20100110/bin/../lib/gcc/avr/4.3.3/../../../../avr/lib/avr5/crtm32.o (exit)
c:/winavr-20100110/bin/../lib/gcc/avr/4.3.3/avr5\libgcc.a(_copy_data.o)
                              ./main.o (__do_copy_data)
c:/winavr-20100110/bin/../lib/gcc/avr/4.3.3/avr5\libgcc.a(_clear_bss.o)
                              ./heap_1.o (__do_clear_bss)
c:/winavr-20100110/bin/../lib/gcc/avr/4.3.3/avr5\libgcc.a(_fixunssfsi.o)
                              ./lcd_4bit.o (__fixunssfsi)
c:/winavr-20100110/bin/../lib/gcc/avr/4.3.3/avr5\libgcc.a(_addsub_sf.o)
                              c:/winavr-20100110/bin/../lib/gcc/avr/4.3.3/avr5\libgcc.a(_fixunssfsi.o) (__subsf3)
c:/winavr-20100110/bin/../lib/gcc/avr/4.3.3/avr5\libgcc.a(_mul_sf.o)
                              ./lcd_4bit.o (__mulsf3)
c:/winavr-20100110/bin/../lib/gcc/avr/4.3.3/avr5\libgcc.a(_gt_sf.o)
                              ./lcd_4bit.o (__gtsf2)
c:/winavr-20100110/bin/../lib/gcc/avr/4.3.3/avr5\libgcc.a(_ge_sf.o)
                              c:/winavr-20100110/bin/../lib/gcc/avr/4.3.3/avr5\libgcc.a(_fixunssfsi.o) (__gesf2)
c:/winavr-20100110/bin/../lib/gcc/avr/4.3.3/avr5\libgcc.a(_lt_sf.o)
                              ./lcd_4bit.o (__ltsf2)
c:/winavr-20100110/bin/../lib/gcc/avr/4.3.3/avr5\libgcc.a(_sf_to_si.o)
                              c:/winavr-20100110/bin/../lib/gcc/avr/4.3.3/avr5\libgcc.a(_fixunssfsi.o) (__fixsfsi)
c:/winavr-20100110/bin/../lib/gcc/avr/4.3.3/avr5\libgcc.a(_thenan_sf.o)
                              c:/winavr-20100110/bin/../lib/gcc/avr/4.3.3/avr5\libgcc.a(_addsub_sf.o) (__thenan_sf)
c:/winavr-20100110/bin/../lib/gcc/avr/4.3.3/avr5\libgcc.a(_prologue.o)
                              c:/winavr-20100110/bin/../lib/gcc/avr/4.3.3/avr5\libgcc.a(_addsub_sf.o) (__prologue_saves__)
c:/winavr-20100110/bin/../lib/gcc/avr/4.3.3/avr5\libgcc.a(_epilogue.o)
                              c:/winavr-20100110/bin/../lib/gcc/avr/4.3.3/avr5\libgcc.a(_addsub_sf.o) (__epilogue_restores__)
c:/winavr-20100110/bin/../lib/gcc/avr/4.3.3/avr5\libgcc.a(_pack_sf.o)
                              c:/winavr-20100110/bin/../lib/gcc/avr/4.3.3/avr5\libgcc.a(_addsub_sf.o) (__pack_f)
c:/winavr-20100110/bin/../lib/gcc/avr/4.3.3/avr5\libgcc.a(_unpack_sf.o)
                              c:/winavr-20100110/bin/../lib/gcc/avr/4.3.3/avr5\libgcc.a(_addsub_sf.o) (__unpack_f)
c:/winavr-20100110/bin/../lib/gcc/avr/4.3.3/avr5\libgcc.a(_fpcmp_parts_sf.o)
                              c:/winavr-20100110/bin/../lib/gcc/avr/4.3.3/avr5\libgcc.a(_gt_sf.o) (__fpcmp_parts_f)
c:/winavr-20100110/bin/../lib/gcc/avr/4.3.3/../../../../avr/lib/avr5\libc.a(memcpy.o)
                              ./queue.o (memcpy)
c:/winavr-20100110/bin/../lib/gcc/avr/4.3.3/../../../../avr/lib/avr5\libc.a(memset.o)
                              ./stream_buffer.o (memset)
c:/winavr-20100110/bin/../lib/gcc/avr/4.3.3/../../../../avr/lib/avr5\libc.a(itoa.o)
                              ./LCD.o (itoa)
c:/winavr-20100110/bin/../lib/gcc/avr/4.3.3/../../../../avr/lib/avr5\libc.a(strrev.o)
                              c:/winavr-20100110/bin/../lib/gcc/avr/4.3.3/../../../../avr/lib/avr5\libc.a(itoa.o) (strrev)
c:/winavr-20100110/bin/../lib/gcc/avr/4.3.3/avr5\libgcc.a(_udivmodhi4.o)
                              c:/winavr-20100110/bin/../lib/gcc/avr/4.3.3/../../../../avr/lib/avr5\libc.a(itoa.o) (__udivmodhi4)

Allocating common symbols
Common symbol       size              file

xSemaphoreCount_2   0x2               ./main.o
EnmButton_State     0x1               ./keypad.o
col                 0x1               ./keypad.o
xSemaphore1         0x2               ./main.o
xSemaphore2         0x2               ./main.o
xSemaphoreCount_1   0x2               ./main.o
row                 0x1               ./keypad.o

Memory Configuration

Name             Origin             Length             Attributes
text             0x00000000         0x00020000         xr
data             0x00800060         0x0000ffa0         rw !x
eeprom           0x00810000         0x00010000         rw !x
fuse             0x00820000         0x00000400         rw !x
lock             0x00830000         0x00000400         rw !x
signature        0x00840000         0x00000400         rw !x
*default*        0x00000000         0xffffffff

Linker script and memory map

LOAD c:/winavr-20100110/bin/../lib/gcc/avr/4.3.3/../../../../avr/lib/avr5/crtm32.o
LOAD ./DIO_operations.o
LOAD ./LCD.o
LOAD ./button.o
LOAD ./croutine.o
LOAD ./event_groups.o
LOAD ./heap_1.o
LOAD ./keypad.o
LOAD ./lcd_4bit.o
LOAD ./led.o
LOAD ./list.o
LOAD ./main.o
LOAD ./port.o
LOAD ./queue.o
LOAD ./stream_buffer.o
LOAD ./tasks.o
LOAD ./timers.o
LOAD c:/winavr-20100110/bin/../lib/gcc/avr/4.3.3/avr5\libgcc.a
LOAD c:/winavr-20100110/bin/../lib/gcc/avr/4.3.3/../../../../avr/lib/avr5\libc.a
LOAD c:/winavr-20100110/bin/../lib/gcc/avr/4.3.3/avr5\libgcc.a

.hash
 *(.hash)

.dynsym
 *(.dynsym)

.dynstr
 *(.dynstr)

.gnu.version
 *(.gnu.version)

.gnu.version_d
 *(.gnu.version_d)

.gnu.version_r
 *(.gnu.version_r)

.rel.init
 *(.rel.init)

.rela.init
 *(.rela.init)

.rel.text
 *(.rel.text)
 *(.rel.text.*)
 *(.rel.gnu.linkonce.t*)

.rela.text
 *(.rela.text)
 *(.rela.text.*)
 *(.rela.gnu.linkonce.t*)

.rel.fini
 *(.rel.fini)

.rela.fini
 *(.rela.fini)

.rel.rodata
 *(.rel.rodata)
 *(.rel.rodata.*)
 *(.rel.gnu.linkonce.r*)

.rela.rodata
 *(.rela.rodata)
 *(.rela.rodata.*)
 *(.rela.gnu.linkonce.r*)

.rel.data
 *(.rel.data)
 *(.rel.data.*)
 *(.rel.gnu.linkonce.d*)

.rela.data
 *(.rela.data)
 *(.rela.data.*)
 *(.rela.gnu.linkonce.d*)

.rel.ctors
 *(.rel.ctors)

.rela.ctors
 *(.rela.ctors)

.rel.dtors
 *(.rel.dtors)

.rela.dtors
 *(.rela.dtors)

.rel.got
 *(.rel.got)

.rela.got
 *(.rela.got)

.rel.bss
 *(.rel.bss)

.rela.bss
 *(.rela.bss)

.rel.plt
 *(.rel.plt)

.rela.plt
 *(.rela.plt)

.text           0x00000000     0x66d4
 *(.vectors)
 .vectors       0x00000000       0x54 c:/winavr-20100110/bin/../lib/gcc/avr/4.3.3/../../../../avr/lib/avr5/crtm32.o
                0x00000000                __vectors
                0x00000000                __vector_default
 *(.vectors)
 *(.progmem.gcc*)
 *(.progmem*)
                0x00000054                . = ALIGN (0x2)
                0x00000054                __trampolines_start = .
 *(.trampolines)
 .trampolines   0x00000054        0x0 linker stubs
 *(.trampolines*)
                0x00000054                __trampolines_end = .
 *(.jumptables)
 *(.jumptables*)
 *(.lowtext)
 *(.lowtext*)
                0x00000054                __ctors_start = .
 *(.ctors)
                0x00000054                __ctors_end = .
                0x00000054                __dtors_start = .
 *(.dtors)
                0x00000054                __dtors_end = .
 SORT(*)(.ctors)
 SORT(*)(.dtors)
 *(.init0)
 .init0         0x00000054        0x0 c:/winavr-20100110/bin/../lib/gcc/avr/4.3.3/../../../../avr/lib/avr5/crtm32.o
                0x00000054                __init
 *(.init0)
 *(.init1)
 *(.init1)
 *(.init2)
 .init2         0x00000054        0xc c:/winavr-20100110/bin/../lib/gcc/avr/4.3.3/../../../../avr/lib/avr5/crtm32.o
 *(.init2)
 *(.init3)
 *(.init3)
 *(.init4)
 .init4         0x00000060       0x16 c:/winavr-20100110/bin/../lib/gcc/avr/4.3.3/avr5\libgcc.a(_copy_data.o)
                0x00000060                __do_copy_data
 .init4         0x00000076       0x10 c:/winavr-20100110/bin/../lib/gcc/avr/4.3.3/avr5\libgcc.a(_clear_bss.o)
                0x00000076                __do_clear_bss
 *(.init4)
 *(.init5)
 *(.init5)
 *(.init6)
 *(.init6)
 *(.init7)
 *(.init7)
 *(.init8)
 *(.init8)
 *(.init9)
 .init9         0x00000086        0x8 c:/winavr-20100110/bin/../lib/gcc/avr/4.3.3/../../../../avr/lib/avr5/crtm32.o
 *(.init9)
 *(.text)
 .text          0x0000008e        0x4 c:/winavr-20100110/bin/../lib/gcc/avr/4.3.3/../../../../avr/lib/avr5/crtm32.o
                0x0000008e                __vector_1
                0x0000008e                __vector_12
                0x0000008e                __bad_interrupt
                0x0000008e                __vector_6
                0x0000008e                __vector_3
                0x0000008e                __vector_11
                0x0000008e                __vector_13
                0x0000008e                __vector_17
                0x0000008e                __vector_19
                0x0000008e                __vector_5
                0x0000008e                __vector_4
                0x0000008e                __vector_9
                0x0000008e                __vector_2
                0x0000008e                __vector_15
                0x0000008e                __vector_8
                0x0000008e                __vector_14
                0x0000008e                __vector_10
                0x0000008e                __vector_16
                0x0000008e                __vector_18
                0x0000008e                __vector_20
 .text          0x00000092        0x0 ./DIO_operations.o
 .text          0x00000092        0x0 ./LCD.o
 .text          0x00000092        0x0 ./button.o
 .text          0x00000092        0x0 ./croutine.o
 .text          0x00000092        0x0 ./event_groups.o
 .text          0x00000092        0x0 ./heap_1.o
 .text          0x00000092        0x0 ./keypad.o
 .text          0x00000092        0x0 ./lcd_4bit.o
 .text          0x00000092        0x0 ./led.o
 .text          0x00000092        0x0 ./list.o
 .text          0x00000092        0x0 ./main.o
 .text          0x00000092        0x0 ./port.o
 .text          0x00000092        0x0 ./queue.o
 .text          0x00000092        0x0 ./stream_buffer.o
 .text          0x00000092        0x0 ./tasks.o
 .text          0x00000092        0x0 ./timers.o
 .text          0x00000092        0x0 c:/winavr-20100110/bin/../lib/gcc/avr/4.3.3/avr5\libgcc.a(_exit.o)
 .text          0x00000092        0x0 c:/winavr-20100110/bin/../lib/gcc/avr/4.3.3/avr5\libgcc.a(_copy_data.o)
 .text          0x00000092        0x0 c:/winavr-20100110/bin/../lib/gcc/avr/4.3.3/avr5\libgcc.a(_clear_bss.o)
 .text          0x00000092       0x58 c:/winavr-20100110/bin/../lib/gcc/avr/4.3.3/avr5\libgcc.a(_fixunssfsi.o)
                0x00000092                __fixunssfsi
 .text          0x000000ea      0x354 c:/winavr-20100110/bin/../lib/gcc/avr/4.3.3/avr5\libgcc.a(_addsub_sf.o)
                0x00000382                __subsf3
                0x000003e4                __addsf3
 .text          0x0000043e      0x1f4 c:/winavr-20100110/bin/../lib/gcc/avr/4.3.3/avr5\libgcc.a(_mul_sf.o)
                0x0000043e                __mulsf3
 .text          0x00000632       0x60 c:/winavr-20100110/bin/../lib/gcc/avr/4.3.3/avr5\libgcc.a(_gt_sf.o)
                0x00000632                __gtsf2
 .text          0x00000692       0x60 c:/winavr-20100110/bin/../lib/gcc/avr/4.3.3/avr5\libgcc.a(_ge_sf.o)
                0x00000692                __gesf2
 .text          0x000006f2       0x60 c:/winavr-20100110/bin/../lib/gcc/avr/4.3.3/avr5\libgcc.a(_lt_sf.o)
                0x000006f2                __ltsf2
 .text          0x00000752       0xa8 c:/winavr-20100110/bin/../lib/gcc/avr/4.3.3/avr5\libgcc.a(_sf_to_si.o)
                0x00000752                __fixsfsi
 .text          0x000007fa        0x0 c:/winavr-20100110/bin/../lib/gcc/avr/4.3.3/avr5\libgcc.a(_thenan_sf.o)
 .text          0x000007fa        0x0 c:/winavr-20100110/bin/../lib/gcc/avr/4.3.3/avr5\libgcc.a(_prologue.o)
 .text          0x000007fa        0x0 c:/winavr-20100110/bin/../lib/gcc/avr/4.3.3/avr5\libgcc.a(_epilogue.o)
 .text          0x000007fa      0x1aa c:/winavr-20100110/bin/../lib/gcc/avr/4.3.3/avr5\libgcc.a(_pack_sf.o)
                0x000007fa                __pack_f
 .text          0x000009a4       0xf0 c:/winavr-20100110/bin/../lib/gcc/avr/4.3.3/avr5\libgcc.a(_unpack_sf.o)
                0x000009a4                __unpack_f
 .text          0x00000a94       0xb2 c:/winavr-20100110/bin/../lib/gcc/avr/4.3.3/avr5\libgcc.a(_fpcmp_parts_sf.o)
                0x00000a94                __fpcmp_parts_f
 .text          0x00000b46        0x0 c:/winavr-20100110/bin/../lib/gcc/avr/4.3.3/../../../../avr/lib/avr5\libc.a(memcpy.o)
 .text          0x00000b46        0x0 c:/winavr-20100110/bin/../lib/gcc/avr/4.3.3/../../../../avr/lib/avr5\libc.a(memset.o)
 .text          0x00000b46        0x0 c:/winavr-20100110/bin/../lib/gcc/avr/4.3.3/../../../../avr/lib/avr5\libc.a(itoa.o)
 .text          0x00000b46        0x0 c:/winavr-20100110/bin/../lib/gcc/avr/4.3.3/../../../../avr/lib/avr5\libc.a(strrev.o)
 .text          0x00000b46        0x0 c:/winavr-20100110/bin/../lib/gcc/avr/4.3.3/avr5\libgcc.a(_udivmodhi4.o)
                0x00000b46                . = ALIGN (0x2)
 *(.text.*)
 .text.DIO_WritePin
                0x00000b46      0x1ea ./DIO_operations.o
                0x00000b46                DIO_WritePin
 .text.DIO_ReadPin
                0x00000d30       0xe2 ./DIO_operations.o
                0x00000d30                DIO_ReadPin
 .text.DIO_SetPinDirection
                0x00000e12      0x1ea ./DIO_operations.o
                0x00000e12                DIO_SetPinDirection
 .text.LCD_INIT
                0x00000ffc       0x56 ./LCD.o
                0x00000ffc                LCD_INIT
 .text.LCD_sendCommand
                0x00001052       0xd2 ./LCD.o
                0x00001052                LCD_sendCommand
 .text.LCD_sendChar
                0x00001124       0xd2 ./LCD.o
                0x00001124                LCD_sendChar
 .text.LCD_sendString
                0x000011f6       0x52 ./LCD.o
                0x000011f6                LCD_sendString
 .text.LCD_Clear
                0x00001248       0x14 ./LCD.o
                0x00001248                LCD_Clear
 .text.LCD_IntToStr
                0x0000125c       0x46 ./LCD.o
                0x0000125c                LCD_IntToStr
 .text.LCD_goToRowColumn
                0x000012a2       0x84 ./LCD.o
                0x000012a2                LCD_goToRowColumn
 .text.LCD_displayStringRowColumn
                0x00001326       0x32 ./LCD.o
                0x00001326                LCD_displayStringRowColumn
 .text.BUTTON_Init
                0x00001358       0x42 ./button.o
                0x00001358                BUTTON_Init
 .text.BUTTON_GitButtonState
                0x0000139a       0x42 ./button.o
                0x0000139a                BUTTON_GitButtonState
 .text.xEventGroupCreate
                0x000013dc       0x3e ./event_groups.o
                0x000013dc                xEventGroupCreate
 .text.xEventGroupSync
                0x0000141a      0x172 ./event_groups.o
                0x0000141a                xEventGroupSync
 .text.xEventGroupWaitBits
                0x0000158c      0x18c ./event_groups.o
                0x0000158c                xEventGroupWaitBits
 .text.xEventGroupClearBits
                0x00001718       0x6c ./event_groups.o
                0x00001718                xEventGroupClearBits
 .text.xEventGroupGetBitsFromISR
                0x00001784       0x44 ./event_groups.o
                0x00001784                xEventGroupGetBitsFromISR
 .text.xEventGroupSetBits
                0x000017c8      0x164 ./event_groups.o
                0x000017c8                xEventGroupSetBits
 .text.vEventGroupDelete
                0x0000192c       0x62 ./event_groups.o
                0x0000192c                vEventGroupDelete
 .text.vEventGroupSetBitsCallback
                0x0000198e       0x3a ./event_groups.o
                0x0000198e                vEventGroupSetBitsCallback
 .text.vEventGroupClearBitsCallback
                0x000019c8       0x3a ./event_groups.o
                0x000019c8                vEventGroupClearBitsCallback
 .text.prvTestWaitCondition
                0x00001a02       0x64 ./event_groups.o
 .text.pvPortMalloc
                0x00001a66       0xac ./heap_1.o
                0x00001a66                pvPortMalloc
 .text.vPortFree
                0x00001b12       0x18 ./heap_1.o
                0x00001b12                vPortFree
 .text.vPortInitialiseBlocks
                0x00001b2a       0x16 ./heap_1.o
                0x00001b2a                vPortInitialiseBlocks
 .text.xPortGetFreeHeapSize
                0x00001b40       0x1e ./heap_1.o
                0x00001b40                xPortGetFreeHeapSize
 .text.KeyPad_init
                0x00001b5e       0x1e ./keypad.o
                0x00001b5e                KeyPad_init
 .text.KeyPad_getPressedKey
                0x00001b7c       0xd4 ./keypad.o
                0x00001b7c                KeyPad_getPressedKey
 .text.KeyPad_3x3_adjustKeyNumber
                0x00001c50       0xd8 ./keypad.o
 .text.enableTrigger
                0x00001d28      0x20a ./lcd_4bit.o
                0x00001d28                enableTrigger
 .text.lcd_init
                0x00001f32       0x36 ./lcd_4bit.o
                0x00001f32                lcd_init
 .text.lcd_sendCommand
                0x00001f68       0x88 ./lcd_4bit.o
                0x00001f68                lcd_sendCommand
 .text.lcd_displayChar
                0x00001ff0       0x88 ./lcd_4bit.o
                0x00001ff0                lcd_displayChar
 .text.lcd_gotoxy
                0x00002078       0x94 ./lcd_4bit.o
                0x00002078                lcd_gotoxy
 .text.lcd_clrScreen
                0x0000210c       0x14 ./lcd_4bit.o
                0x0000210c                lcd_clrScreen
 .text.lcd_dispString
                0x00002120       0x38 ./lcd_4bit.o
                0x00002120                lcd_dispString
 .text.lcd_disp_string_xy
                0x00002158       0x3e ./lcd_4bit.o
                0x00002158                lcd_disp_string_xy
 .text.LED_Init
                0x00002196       0x2e ./led.o
                0x00002196                LED_Init
 .text.LED_Toggle
                0x000021c4       0x1e ./led.o
                0x000021c4                LED_Toggle
 .text.LED_Write
                0x000021e2       0x70 ./led.o
                0x000021e2                LED_Write
 .text.vListInitialise
                0x00002252       0x54 ./list.o
                0x00002252                vListInitialise
 .text.vListInitialiseItem
                0x000022a6       0x20 ./list.o
                0x000022a6                vListInitialiseItem
 .text.vListInsertEnd
                0x000022c6       0x88 ./list.o
                0x000022c6                vListInsertEnd
 .text.vListInsert
                0x0000234e       0xd8 ./list.o
                0x0000234e                vListInsert
 .text.uxListRemove
                0x00002426       0x98 ./list.o
                0x00002426                uxListRemove
 .text.main     0x000024be       0x8c ./main.o
                0x000024be                main
 .text.InitTask
                0x0000254a       0x8e ./main.o
                0x0000254a                InitTask
 .text.A        0x000025d8       0x66 ./main.o
                0x000025d8                A
 .text.B        0x0000263e       0x66 ./main.o
                0x0000263e                B
 .text.C        0x000026a4      0x18e ./main.o
                0x000026a4                C
 .text.pxPortInitialiseStack
                0x00002832      0x306 ./port.o
                0x00002832                pxPortInitialiseStack
 .text.xPortStartScheduler
                0x00002b38       0x6a ./port.o
                0x00002b38                xPortStartScheduler
 .text.vPortEndScheduler
                0x00002ba2        0xe ./port.o
                0x00002ba2                vPortEndScheduler
 .text.vPortYield
                0x00002bb0       0xb2 ./port.o
                0x00002bb0                vPortYield
 .text.vPortYieldFromTick
                0x00002c62       0xba ./port.o
                0x00002c62                vPortYieldFromTick
 .text.prvSetupTimerInterrupt
                0x00002d1c       0xb8 ./port.o
 .text.__vector_7
                0x00002dd4        0x6 ./port.o
                0x00002dd4                __vector_7
 .text.xQueueGenericReset
                0x00002dda      0x10c ./queue.o
                0x00002dda                xQueueGenericReset
 .text.xQueueGenericCreate
                0x00002ee6       0xa2 ./queue.o
                0x00002ee6                xQueueGenericCreate
 .text.prvInitialiseNewQueue
                0x00002f88       0x76 ./queue.o
 .text.xQueueCreateCountingSemaphore
                0x00002ffe       0x40 ./queue.o
                0x00002ffe                xQueueCreateCountingSemaphore
 .text.xQueueGenericSend
                0x0000303e      0x158 ./queue.o
                0x0000303e                xQueueGenericSend
 .text.xQueueGenericSendFromISR
                0x00003196       0xb0 ./queue.o
                0x00003196                xQueueGenericSendFromISR
 .text.xQueueGiveFromISR
                0x00003246       0xa2 ./queue.o
                0x00003246                xQueueGiveFromISR
 .text.xQueueReceive
                0x000032e8      0x156 ./queue.o
                0x000032e8                xQueueReceive
 .text.xQueueSemaphoreTake
                0x0000343e      0x144 ./queue.o
                0x0000343e                xQueueSemaphoreTake
 .text.xQueuePeek
                0x00003582      0x164 ./queue.o
                0x00003582                xQueuePeek
 .text.xQueueReceiveFromISR
                0x000036e6       0xae ./queue.o
                0x000036e6                xQueueReceiveFromISR
 .text.xQueuePeekFromISR
                0x00003794       0x72 ./queue.o
                0x00003794                xQueuePeekFromISR
 .text.uxQueueMessagesWaiting
                0x00003806       0x30 ./queue.o
                0x00003806                uxQueueMessagesWaiting
 .text.uxQueueSpacesAvailable
                0x00003836       0x4a ./queue.o
                0x00003836                uxQueueSpacesAvailable
 .text.uxQueueMessagesWaitingFromISR
                0x00003880       0x34 ./queue.o
                0x00003880                uxQueueMessagesWaitingFromISR
 .text.vQueueDelete
                0x000038b4       0x2e ./queue.o
                0x000038b4                vQueueDelete
 .text.prvCopyDataToQueue
                0x000038e2      0x14c ./queue.o
 .text.prvCopyDataFromQueue
                0x00003a2e       0x8e ./queue.o
 .text.prvUnlockQueue
                0x00003abc       0xa6 ./queue.o
 .text.prvIsQueueEmpty
                0x00003b62       0x3a ./queue.o
 .text.xQueueIsQueueEmptyFromISR
                0x00003b9c       0x3e ./queue.o
                0x00003b9c                xQueueIsQueueEmptyFromISR
 .text.prvIsQueueFull
                0x00003bda       0x40 ./queue.o
 .text.xQueueIsQueueFullFromISR
                0x00003c1a       0x44 ./queue.o
                0x00003c1a                xQueueIsQueueFullFromISR
 .text.xStreamBufferGenericCreate
                0x00003c5e       0x98 ./stream_buffer.o
                0x00003c5e                xStreamBufferGenericCreate
 .text.vStreamBufferDelete
                0x00003cf6       0x52 ./stream_buffer.o
                0x00003cf6                vStreamBufferDelete
 .text.xStreamBufferReset
                0x00003d48       0x84 ./stream_buffer.o
                0x00003d48                xStreamBufferReset
 .text.xStreamBufferSetTriggerLevel
                0x00003dcc       0x6e ./stream_buffer.o
                0x00003dcc                xStreamBufferSetTriggerLevel
 .text.xStreamBufferSpacesAvailable
                0x00003e3a       0x8c ./stream_buffer.o
                0x00003e3a                xStreamBufferSpacesAvailable
 .text.xStreamBufferBytesAvailable
                0x00003ec6       0x3c ./stream_buffer.o
                0x00003ec6                xStreamBufferBytesAvailable
 .text.xStreamBufferSend
                0x00003f02      0x190 ./stream_buffer.o
                0x00003f02                xStreamBufferSend
 .text.xStreamBufferSendFromISR
                0x00004092       0xfa ./stream_buffer.o
                0x00004092                xStreamBufferSendFromISR
 .text.prvWriteMessageToBuffer
                0x0000418c       0xe4 ./stream_buffer.o
 .text.xStreamBufferReceive
                0x00004270      0x174 ./stream_buffer.o
                0x00004270                xStreamBufferReceive
 .text.xStreamBufferNextMessageLengthBytes
                0x000043e4       0xa4 ./stream_buffer.o
                0x000043e4                xStreamBufferNextMessageLengthBytes
 .text.xStreamBufferReceiveFromISR
                0x00004488       0xf0 ./stream_buffer.o
                0x00004488                xStreamBufferReceiveFromISR
 .text.prvReadMessageFromBuffer
                0x00004578       0xd8 ./stream_buffer.o
 .text.xStreamBufferIsEmpty
                0x00004650       0x5a ./stream_buffer.o
                0x00004650                xStreamBufferIsEmpty
 .text.xStreamBufferIsFull
                0x000046aa       0x70 ./stream_buffer.o
                0x000046aa                xStreamBufferIsFull
 .text.xStreamBufferSendCompletedFromISR
                0x0000471a       0x86 ./stream_buffer.o
                0x0000471a                xStreamBufferSendCompletedFromISR
 .text.xStreamBufferReceiveCompletedFromISR
                0x000047a0       0x86 ./stream_buffer.o
                0x000047a0                xStreamBufferReceiveCompletedFromISR
 .text.prvWriteBytesToBuffer
                0x00004826      0x11a ./stream_buffer.o
 .text.prvReadBytesFromBuffer
                0x00004940      0x15a ./stream_buffer.o
 .text.prvBytesInBuffer
                0x00004a9a       0x74 ./stream_buffer.o
 .text.prvInitialiseNewStreamBuffer
                0x00004b0e       0x78 ./stream_buffer.o
 .text.xTaskCreate
                0x00004b86       0xf0 ./tasks.o
                0x00004b86                xTaskCreate
 .text.prvInitialiseNewTask
                0x00004c76      0x178 ./tasks.o
 .text.prvAddNewTaskToReadyList
                0x00004dee       0xf0 ./tasks.o
 .text.vTaskDelete
                0x00004ede       0xe4 ./tasks.o
                0x00004ede                vTaskDelete
 .text.vTaskDelay
                0x00004fc2       0x44 ./tasks.o
                0x00004fc2                vTaskDelay
 .text.vTaskSuspend
                0x00005006       0xe8 ./tasks.o
                0x00005006                vTaskSuspend
 .text.prvTaskIsTaskSuspended
                0x000050ee       0x5e ./tasks.o
 .text.vTaskResume
                0x0000514c       0xc8 ./tasks.o
                0x0000514c                vTaskResume
 .text.xTaskResumeFromISR
                0x00005214       0xcc ./tasks.o
                0x00005214                xTaskResumeFromISR
 .text.vTaskStartScheduler
                0x000052e0       0x64 ./tasks.o
                0x000052e0                vTaskStartScheduler
 .text.vTaskEndScheduler
                0x00005344       0x18 ./tasks.o
                0x00005344                vTaskEndScheduler
 .text.vTaskSuspendAll
                0x0000535c       0x18 ./tasks.o
                0x0000535c                vTaskSuspendAll
 .text.xTaskResumeAll
                0x00005374      0x126 ./tasks.o
                0x00005374                xTaskResumeAll
 .text.xTaskGetTickCount
                0x0000549a       0x2e ./tasks.o
                0x0000549a                xTaskGetTickCount
 .text.xTaskGetTickCountFromISR
                0x000054c8       0x2a ./tasks.o
                0x000054c8                xTaskGetTickCountFromISR
 .text.uxTaskGetNumberOfTasks
                0x000054f2       0x12 ./tasks.o
                0x000054f2                uxTaskGetNumberOfTasks
 .text.pcTaskGetName
                0x00005504       0x50 ./tasks.o
                0x00005504                pcTaskGetName
 .text.xTaskIncrementTick
                0x00005554      0x1ca ./tasks.o
                0x00005554                xTaskIncrementTick
 .text.vTaskSwitchContext
                0x0000571e       0xda ./tasks.o
                0x0000571e                vTaskSwitchContext
 .text.vTaskPlaceOnEventList
                0x000057f8       0x44 ./tasks.o
                0x000057f8                vTaskPlaceOnEventList
 .text.vTaskPlaceOnUnorderedEventList
                0x0000583c       0x60 ./tasks.o
                0x0000583c                vTaskPlaceOnUnorderedEventList
 .text.xTaskRemoveFromEventList
                0x0000589c       0xd6 ./tasks.o
                0x0000589c                xTaskRemoveFromEventList
 .text.vTaskRemoveFromUnorderedEventList
                0x00005972       0xba ./tasks.o
                0x00005972                vTaskRemoveFromUnorderedEventList
 .text.vTaskSetTimeOutState
                0x00005a2c       0x3c ./tasks.o
                0x00005a2c                vTaskSetTimeOutState
 .text.vTaskInternalSetTimeOutState
                0x00005a68       0x32 ./tasks.o
                0x00005a68                vTaskInternalSetTimeOutState
 .text.xTaskCheckForTimeOut
                0x00005a9a       0xda ./tasks.o
                0x00005a9a                xTaskCheckForTimeOut
 .text.vTaskMissedYield
                0x00005b74       0x14 ./tasks.o
                0x00005b74                vTaskMissedYield
 .text.prvIdleTask
                0x00005b88       0x14 ./tasks.o
 .text.prvInitialiseTaskLists
                0x00005b9c       0x82 ./tasks.o
 .text.prvCheckTasksWaitingTermination
                0x00005c1e       0x5e ./tasks.o
 .text.prvDeleteTCB
                0x00005c7c       0x2c ./tasks.o
 .text.prvResetNextTaskUnblockTime
                0x00005ca8       0x56 ./tasks.o
 .text.xTaskGetCurrentTaskHandle
                0x00005cfe       0x24 ./tasks.o
                0x00005cfe                xTaskGetCurrentTaskHandle
 .text.uxTaskResetEventItemValue
                0x00005d22       0x4e ./tasks.o
                0x00005d22                uxTaskResetEventItemValue
 .text.ulTaskNotifyTake
                0x00005d70       0xee ./tasks.o
                0x00005d70                ulTaskNotifyTake
 .text.xTaskNotifyWait
                0x00005e5e      0x138 ./tasks.o
                0x00005e5e                xTaskNotifyWait
 .text.xTaskGenericNotify
                0x00005f96      0x1ba ./tasks.o
                0x00005f96                xTaskGenericNotify
 .text.xTaskGenericNotifyFromISR
                0x00006150      0x1f0 ./tasks.o
                0x00006150                xTaskGenericNotifyFromISR
 .text.vTaskNotifyGiveFromISR
                0x00006340      0x10c ./tasks.o
                0x00006340                vTaskNotifyGiveFromISR
 .text.xTaskNotifyStateClear
                0x0000644c       0x74 ./tasks.o
                0x0000644c                xTaskNotifyStateClear
 .text.prvAddCurrentTaskToDelayedList
                0x000064c0       0xf8 ./tasks.o
 .text.libgcc   0x000065b8        0x0 c:/winavr-20100110/bin/../lib/gcc/avr/4.3.3/avr5\libgcc.a(_exit.o)
 .text.libgcc   0x000065b8        0x0 c:/winavr-20100110/bin/../lib/gcc/avr/4.3.3/avr5\libgcc.a(_copy_data.o)
 .text.libgcc   0x000065b8        0x0 c:/winavr-20100110/bin/../lib/gcc/avr/4.3.3/avr5\libgcc.a(_clear_bss.o)
 .text.libgcc   0x000065b8       0x38 c:/winavr-20100110/bin/../lib/gcc/avr/4.3.3/avr5\libgcc.a(_prologue.o)
                0x000065b8                __prologue_saves__
 .text.libgcc   0x000065f0       0x36 c:/winavr-20100110/bin/../lib/gcc/avr/4.3.3/avr5\libgcc.a(_epilogue.o)
                0x000065f0                __epilogue_restores__
 .text.avr-libc
                0x00006626       0x12 c:/winavr-20100110/bin/../lib/gcc/avr/4.3.3/../../../../avr/lib/avr5\libc.a(memcpy.o)
                0x00006626                memcpy
 .text.avr-libc
                0x00006638        0xe c:/winavr-20100110/bin/../lib/gcc/avr/4.3.3/../../../../avr/lib/avr5\libc.a(memset.o)
                0x00006638                memset
 .text.avr-libc
                0x00006646       0x42 c:/winavr-20100110/bin/../lib/gcc/avr/4.3.3/../../../../avr/lib/avr5\libc.a(itoa.o)
                0x00006646                itoa
 .text.avr-libc
                0x00006688       0x20 c:/winavr-20100110/bin/../lib/gcc/avr/4.3.3/../../../../avr/lib/avr5\libc.a(strrev.o)
                0x00006688                strrev
 .text.libgcc   0x000066a8       0x28 c:/winavr-20100110/bin/../lib/gcc/avr/4.3.3/avr5\libgcc.a(_udivmodhi4.o)
                0x000066a8                __udivmodhi4
                0x000066d0                . = ALIGN (0x2)
 *(.fini9)
 .fini9         0x000066d0        0x0 c:/winavr-20100110/bin/../lib/gcc/avr/4.3.3/avr5\libgcc.a(_exit.o)
                0x000066d0                exit
                0x000066d0                _exit
 *(.fini9)
 *(.fini8)
 *(.fini8)
 *(.fini7)
 *(.fini7)
 *(.fini6)
 *(.fini6)
 *(.fini5)
 *(.fini5)
 *(.fini4)
 *(.fini4)
 *(.fini3)
 *(.fini3)
 *(.fini2)
 *(.fini2)
 *(.fini1)
 *(.fini1)
 *(.fini0)
 .fini0         0x000066d0        0x4 c:/winavr-20100110/bin/../lib/gcc/avr/4.3.3/avr5\libgcc.a(_exit.o)
 *(.fini0)
                0x000066d4                _etext = .

.data           0x00800060       0x5a load address 0x000066d4
                0x00800060                PROVIDE (__data_start, .)
 *(.data)
 .data          0x00800060        0x0 c:/winavr-20100110/bin/../lib/gcc/avr/4.3.3/../../../../avr/lib/avr5/crtm32.o
 .data          0x00800060        0x0 ./DIO_operations.o
 .data          0x00800060        0x0 ./LCD.o
 .data          0x00800060        0x0 ./button.o
 .data          0x00800060        0x0 ./croutine.o
 .data          0x00800060        0x0 ./event_groups.o
 .data          0x00800060        0x0 ./heap_1.o
 .data          0x00800060        0x0 ./keypad.o
 .data          0x00800060        0x0 ./lcd_4bit.o
 .data          0x00800060        0x0 ./led.o
 .data          0x00800060        0x0 ./list.o
 .data          0x00800060       0x4c ./main.o
 .data          0x008000ac        0x0 ./port.o
 .data          0x008000ac        0x0 ./queue.o
 .data          0x008000ac        0x0 ./stream_buffer.o
 .data          0x008000ac        0x5 ./tasks.o
 .data          0x008000b1        0x0 ./timers.o
 .data          0x008000b1        0x0 c:/winavr-20100110/bin/../lib/gcc/avr/4.3.3/avr5\libgcc.a(_exit.o)
 .data          0x008000b1        0x0 c:/winavr-20100110/bin/../lib/gcc/avr/4.3.3/avr5\libgcc.a(_copy_data.o)
 .data          0x008000b1        0x0 c:/winavr-20100110/bin/../lib/gcc/avr/4.3.3/avr5\libgcc.a(_clear_bss.o)
 .data          0x008000b1        0x0 c:/winavr-20100110/bin/../lib/gcc/avr/4.3.3/avr5\libgcc.a(_fixunssfsi.o)
 .data          0x008000b1        0x0 c:/winavr-20100110/bin/../lib/gcc/avr/4.3.3/avr5\libgcc.a(_addsub_sf.o)
 .data          0x008000b1        0x0 c:/winavr-20100110/bin/../lib/gcc/avr/4.3.3/avr5\libgcc.a(_mul_sf.o)
 .data          0x008000b1        0x0 c:/winavr-20100110/bin/../lib/gcc/avr/4.3.3/avr5\libgcc.a(_gt_sf.o)
 .data          0x008000b1        0x0 c:/winavr-20100110/bin/../lib/gcc/avr/4.3.3/avr5\libgcc.a(_ge_sf.o)
 .data          0x008000b1        0x0 c:/winavr-20100110/bin/../lib/gcc/avr/4.3.3/avr5\libgcc.a(_lt_sf.o)
 .data          0x008000b1        0x0 c:/winavr-20100110/bin/../lib/gcc/avr/4.3.3/avr5\libgcc.a(_sf_to_si.o)
 .data          0x008000b1        0x8 c:/winavr-20100110/bin/../lib/gcc/avr/4.3.3/avr5\libgcc.a(_thenan_sf.o)
                0x008000b1                __thenan_sf
 .data          0x008000b9        0x0 c:/winavr-20100110/bin/../lib/gcc/avr/4.3.3/avr5\libgcc.a(_prologue.o)
 .data          0x008000b9        0x0 c:/winavr-20100110/bin/../lib/gcc/avr/4.3.3/avr5\libgcc.a(_epilogue.o)
 .data          0x008000b9        0x0 c:/winavr-20100110/bin/../lib/gcc/avr/4.3.3/avr5\libgcc.a(_pack_sf.o)
 .data          0x008000b9        0x0 c:/winavr-20100110/bin/../lib/gcc/avr/4.3.3/avr5\libgcc.a(_unpack_sf.o)
 .data          0x008000b9        0x0 c:/winavr-20100110/bin/../lib/gcc/avr/4.3.3/avr5\libgcc.a(_fpcmp_parts_sf.o)
 .data          0x008000b9        0x0 c:/winavr-20100110/bin/../lib/gcc/avr/4.3.3/../../../../avr/lib/avr5\libc.a(memcpy.o)
 .data          0x008000b9        0x0 c:/winavr-20100110/bin/../lib/gcc/avr/4.3.3/../../../../avr/lib/avr5\libc.a(memset.o)
 .data          0x008000b9        0x0 c:/winavr-20100110/bin/../lib/gcc/avr/4.3.3/../../../../avr/lib/avr5\libc.a(itoa.o)
 .data          0x008000b9        0x0 c:/winavr-20100110/bin/../lib/gcc/avr/4.3.3/../../../../avr/lib/avr5\libc.a(strrev.o)
 .data          0x008000b9        0x0 c:/winavr-20100110/bin/../lib/gcc/avr/4.3.3/avr5\libgcc.a(_udivmodhi4.o)
 *(.data*)
 *(.rodata)
 *(.rodata*)
 *(.gnu.linkonce.d*)
                0x008000ba                . = ALIGN (0x2)
 *fill*         0x008000b9        0x1 00
                0x008000ba                _edata = .
                0x008000ba                PROVIDE (__data_end, .)

.bss            0x008000ba      0x660
                0x008000ba                PROVIDE (__bss_start, .)
 *(.bss)
 .bss           0x008000ba        0x0 c:/winavr-20100110/bin/../lib/gcc/avr/4.3.3/../../../../avr/lib/avr5/crtm32.o
 .bss           0x008000ba        0x0 ./DIO_operations.o
 .bss           0x008000ba        0x0 ./LCD.o
 .bss           0x008000ba        0x0 ./button.o
 .bss           0x008000ba        0x0 ./croutine.o
 .bss           0x008000ba        0x0 ./event_groups.o
 .bss           0x008000ba        0x0 ./heap_1.o
 .bss           0x008000ba        0x0 ./keypad.o
 .bss           0x008000ba        0x0 ./lcd_4bit.o
 .bss           0x008000ba        0x0 ./led.o
 .bss           0x008000ba        0x0 ./list.o
 .bss           0x008000ba        0x0 ./main.o
 .bss           0x008000ba        0x0 ./port.o
 .bss           0x008000ba        0x0 ./queue.o
 .bss           0x008000ba        0x0 ./stream_buffer.o
 .bss           0x008000ba        0x0 ./tasks.o
 .bss           0x008000ba        0x0 ./timers.o
 .bss           0x008000ba        0x0 c:/winavr-20100110/bin/../lib/gcc/avr/4.3.3/avr5\libgcc.a(_exit.o)
 .bss           0x008000ba        0x0 c:/winavr-20100110/bin/../lib/gcc/avr/4.3.3/avr5\libgcc.a(_copy_data.o)
 .bss           0x008000ba        0x0 c:/winavr-20100110/bin/../lib/gcc/avr/4.3.3/avr5\libgcc.a(_clear_bss.o)
 .bss           0x008000ba        0x0 c:/winavr-20100110/bin/../lib/gcc/avr/4.3.3/avr5\libgcc.a(_fixunssfsi.o)
 .bss           0x008000ba        0x0 c:/winavr-20100110/bin/../lib/gcc/avr/4.3.3/avr5\libgcc.a(_addsub_sf.o)
 .bss           0x008000ba        0x0 c:/winavr-20100110/bin/../lib/gcc/avr/4.3.3/avr5\libgcc.a(_mul_sf.o)
 .bss           0x008000ba        0x0 c:/winavr-20100110/bin/../lib/gcc/avr/4.3.3/avr5\libgcc.a(_gt_sf.o)
 .bss           0x008000ba        0x0 c:/winavr-20100110/bin/../lib/gcc/avr/4.3.3/avr5\libgcc.a(_ge_sf.o)
 .bss           0x008000ba        0x0 c:/winavr-20100110/bin/../lib/gcc/avr/4.3.3/avr5\libgcc.a(_lt_sf.o)
 .bss           0x008000ba        0x0 c:/winavr-20100110/bin/../lib/gcc/avr/4.3.3/avr5\libgcc.a(_sf_to_si.o)
 .bss           0x008000ba        0x0 c:/winavr-20100110/bin/../lib/gcc/avr/4.3.3/avr5\libgcc.a(_thenan_sf.o)
 .bss           0x008000ba        0x0 c:/winavr-20100110/bin/../lib/gcc/avr/4.3.3/avr5\libgcc.a(_prologue.o)
 .bss           0x008000ba        0x0 c:/winavr-20100110/bin/../lib/gcc/avr/4.3.3/avr5\libgcc.a(_epilogue.o)
 .bss           0x008000ba        0x0 c:/winavr-20100110/bin/../lib/gcc/avr/4.3.3/avr5\libgcc.a(_pack_sf.o)
 .bss           0x008000ba        0x0 c:/winavr-20100110/bin/../lib/gcc/avr/4.3.3/avr5\libgcc.a(_unpack_sf.o)
 .bss           0x008000ba        0x0 c:/winavr-20100110/bin/../lib/gcc/avr/4.3.3/avr5\libgcc.a(_fpcmp_parts_sf.o)
 .bss           0x008000ba        0x0 c:/winavr-20100110/bin/../lib/gcc/avr/4.3.3/../../../../avr/lib/avr5\libc.a(memcpy.o)
 .bss           0x008000ba        0x0 c:/winavr-20100110/bin/../lib/gcc/avr/4.3.3/../../../../avr/lib/avr5\libc.a(memset.o)
 .bss           0x008000ba        0x0 c:/winavr-20100110/bin/../lib/gcc/avr/4.3.3/../../../../avr/lib/avr5\libc.a(itoa.o)
 .bss           0x008000ba        0x0 c:/winavr-20100110/bin/../lib/gcc/avr/4.3.3/../../../../avr/lib/avr5\libc.a(strrev.o)
 .bss           0x008000ba        0x0 c:/winavr-20100110/bin/../lib/gcc/avr/4.3.3/avr5\libgcc.a(_udivmodhi4.o)
 *(.bss*)
 .bss.xNextFreeByte
                0x008000ba        0x2 ./heap_1.o
 .bss.pucAlignedHeap.1645
                0x008000bc        0x2 ./heap_1.o
 .bss.ucHeap    0x008000be      0x5dc ./heap_1.o
 .bss.press_flag
                0x0080069a        0x1 ./keypad.o
                0x0080069a                press_flag
 .bss.init_handel
                0x0080069b        0x2 ./main.o
                0x0080069b                init_handel
 .bss.A_handel  0x0080069d        0x2 ./main.o
                0x0080069d                A_handel
 .bss.B_handel  0x0080069f        0x2 ./main.o
                0x0080069f                B_handel
 .bss.C_handel  0x008006a1        0x2 ./main.o
                0x008006a1                C_handel
 .bss.taskCount.1837
                0x008006a3        0x4 ./main.o
 .bss.playerTwoCount.1836
                0x008006a7        0x1 ./main.o
 .bss.playerOneCount.1835
                0x008006a8        0x1 ./main.o
 .bss.pxCurrentTCB
                0x008006a9        0x2 ./tasks.o
                0x008006a9                pxCurrentTCB
 .bss.uxDeletedTasksWaitingCleanUp
                0x008006ab        0x1 ./tasks.o
 .bss.uxCurrentNumberOfTasks
                0x008006ac        0x1 ./tasks.o
 .bss.xTickCount
                0x008006ad        0x2 ./tasks.o
 .bss.uxTopReadyPriority
                0x008006af        0x1 ./tasks.o
 .bss.xSchedulerRunning
                0x008006b0        0x1 ./tasks.o
 .bss.uxPendedTicks
                0x008006b1        0x1 ./tasks.o
 .bss.xYieldPending
                0x008006b2        0x1 ./tasks.o
 .bss.xNumOfOverflows
                0x008006b3        0x1 ./tasks.o
 .bss.uxTaskNumber
                0x008006b4        0x1 ./tasks.o
 .bss.xNextTaskUnblockTime
                0x008006b5        0x2 ./tasks.o
 .bss.xIdleTaskHandle
                0x008006b7        0x2 ./tasks.o
 .bss.uxSchedulerSuspended
                0x008006b9        0x1 ./tasks.o
 .bss.pxReadyTasksLists
                0x008006ba       0x24 ./tasks.o
 .bss.xDelayedTaskList1
                0x008006de        0x9 ./tasks.o
 .bss.xDelayedTaskList2
                0x008006e7        0x9 ./tasks.o
 .bss.pxDelayedTaskList
                0x008006f0        0x2 ./tasks.o
 .bss.pxOverflowDelayedTaskList
                0x008006f2        0x2 ./tasks.o
 .bss.xPendingReadyList
                0x008006f4        0x9 ./tasks.o
 .bss.xTasksWaitingTermination
                0x008006fd        0x9 ./tasks.o
 .bss.xSuspendedTaskList
                0x00800706        0x9 ./tasks.o
 *(COMMON)
 COMMON         0x0080070f        0x3 ./keypad.o
                0x0080070f                EnmButton_State
                0x00800710                col
                0x00800711                row
 COMMON         0x00800712        0x8 ./main.o
                0x00800712                xSemaphoreCount_2
                0x00800714                xSemaphore1
                0x00800716                xSemaphore2
                0x00800718                xSemaphoreCount_1
                0x0080071a                PROVIDE (__bss_end, .)
                0x000066d4                __data_load_start = LOADADDR (.data)
                0x0000672e                __data_load_end = (__data_load_start + SIZEOF (.data))

.noinit         0x0080071a        0x0
                0x0080071a                PROVIDE (__noinit_start, .)
 *(.noinit*)
                0x0080071a                PROVIDE (__noinit_end, .)
                0x0080071a                _end = .
                0x0080071a                PROVIDE (__heap_start, .)

.eeprom         0x00810000        0x0
 *(.eeprom*)
                0x00810000                __eeprom_end = .

.fuse
 *(.fuse)
 *(.lfuse)
 *(.hfuse)
 *(.efuse)

.lock
 *(.lock*)

.signature
 *(.signature*)

.stab           0x00000000     0x97f8
 *(.stab)
 .stab          0x00000000      0x474 ./DIO_operations.o
 .stab          0x00000474      0xa8c ./LCD.o
                                0xb1c (size before relaxing)
 .stab          0x00000f00      0x294 ./button.o
                                0x780 (size before relaxing)
 .stab          0x00001194      0x1bc ./croutine.o
                                0x630 (size before relaxing)
 .stab          0x00001350      0xde0 ./event_groups.o
                               0x111c (size before relaxing)
 .stab          0x00002130      0x30c ./heap_1.o
                                0x7bc (size before relaxing)
 .stab          0x0000243c      0x2b8 ./keypad.o
                                0x330 (size before relaxing)
 .stab          0x000026f4      0x678 ./lcd_4bit.o
                                0x834 (size before relaxing)
 .stab          0x00002d6c      0x228 ./led.o
                                0x2b8 (size before relaxing)
 .stab          0x00002f94      0x474 ./list.o
                                0x858 (size before relaxing)
 .stab          0x00003408      0x624 ./main.o
                                0xb40 (size before relaxing)
 .stab          0x00003a2c      0x840 ./port.o
                                0xce4 (size before relaxing)
 .stab          0x0000426c     0x1ae8 ./queue.o
                               0x1fc8 (size before relaxing)
 .stab          0x00005d54     0x1608 ./stream_buffer.o
                               0x1a4c (size before relaxing)
 .stab          0x0000735c     0x22f8 ./tasks.o
                               0x27d8 (size before relaxing)
 .stab          0x00009654      0x1a4 ./timers.o
                                0x6b4 (size before relaxing)

.stabstr        0x00000000     0x4b57
 *(.stabstr)
 .stabstr       0x00000000     0x4b57 ./DIO_operations.o

.stab.excl
 *(.stab.excl)

.stab.exclstr
 *(.stab.exclstr)

.stab.index
 *(.stab.index)

.stab.indexstr
 *(.stab.indexstr)

.comment
 *(.comment)

.debug
 *(.debug)

.line
 *(.line)

.debug_srcinfo
 *(.debug_srcinfo)

.debug_sfnames
 *(.debug_sfnames)

.debug_aranges  0x00000000      0x140
 *(.debug_aranges)
 .debug_aranges
                0x00000000       0x20 c:/winavr-20100110/bin/../lib/gcc/avr/4.3.3/avr5\libgcc.a(_fixunssfsi.o)
 .debug_aranges
                0x00000020       0x20 c:/winavr-20100110/bin/../lib/gcc/avr/4.3.3/avr5\libgcc.a(_addsub_sf.o)
 .debug_aranges
                0x00000040       0x20 c:/winavr-20100110/bin/../lib/gcc/avr/4.3.3/avr5\libgcc.a(_mul_sf.o)
 .debug_aranges
                0x00000060       0x20 c:/winavr-20100110/bin/../lib/gcc/avr/4.3.3/avr5\libgcc.a(_gt_sf.o)
 .debug_aranges
                0x00000080       0x20 c:/winavr-20100110/bin/../lib/gcc/avr/4.3.3/avr5\libgcc.a(_ge_sf.o)
 .debug_aranges
                0x000000a0       0x20 c:/winavr-20100110/bin/../lib/gcc/avr/4.3.3/avr5\libgcc.a(_lt_sf.o)
 .debug_aranges
                0x000000c0       0x20 c:/winavr-20100110/bin/../lib/gcc/avr/4.3.3/avr5\libgcc.a(_sf_to_si.o)
 .debug_aranges
                0x000000e0       0x20 c:/winavr-20100110/bin/../lib/gcc/avr/4.3.3/avr5\libgcc.a(_pack_sf.o)
 .debug_aranges
                0x00000100       0x20 c:/winavr-20100110/bin/../lib/gcc/avr/4.3.3/avr5\libgcc.a(_unpack_sf.o)
 .debug_aranges
                0x00000120       0x20 c:/winavr-20100110/bin/../lib/gcc/avr/4.3.3/avr5\libgcc.a(_fpcmp_parts_sf.o)

.debug_pubnames
                0x00000000      0x170
 *(.debug_pubnames)
 .debug_pubnames
                0x00000000       0x23 c:/winavr-20100110/bin/../lib/gcc/avr/4.3.3/avr5\libgcc.a(_fixunssfsi.o)
 .debug_pubnames
                0x00000023       0x2c c:/winavr-20100110/bin/../lib/gcc/avr/4.3.3/avr5\libgcc.a(_addsub_sf.o)
 .debug_pubnames
                0x0000004f       0x1f c:/winavr-20100110/bin/../lib/gcc/avr/4.3.3/avr5\libgcc.a(_mul_sf.o)
 .debug_pubnames
                0x0000006e       0x1e c:/winavr-20100110/bin/../lib/gcc/avr/4.3.3/avr5\libgcc.a(_gt_sf.o)
 .debug_pubnames
                0x0000008c       0x1e c:/winavr-20100110/bin/../lib/gcc/avr/4.3.3/avr5\libgcc.a(_ge_sf.o)
 .debug_pubnames
                0x000000aa       0x1e c:/winavr-20100110/bin/../lib/gcc/avr/4.3.3/avr5\libgcc.a(_lt_sf.o)
 .debug_pubnames
                0x000000c8       0x20 c:/winavr-20100110/bin/../lib/gcc/avr/4.3.3/avr5\libgcc.a(_sf_to_si.o)
 .debug_pubnames
                0x000000e8       0x22 c:/winavr-20100110/bin/../lib/gcc/avr/4.3.3/avr5\libgcc.a(_thenan_sf.o)
 .debug_pubnames
                0x0000010a       0x1f c:/winavr-20100110/bin/../lib/gcc/avr/4.3.3/avr5\libgcc.a(_pack_sf.o)
 .debug_pubnames
                0x00000129       0x21 c:/winavr-20100110/bin/../lib/gcc/avr/4.3.3/avr5\libgcc.a(_unpack_sf.o)
 .debug_pubnames
                0x0000014a       0x26 c:/winavr-20100110/bin/../lib/gcc/avr/4.3.3/avr5\libgcc.a(_fpcmp_parts_sf.o)

.debug_info     0x00000000     0x1c49
 *(.debug_info)
 .debug_info    0x00000000       0xb1 c:/winavr-20100110/bin/../lib/gcc/avr/4.3.3/avr5\libgcc.a(_fixunssfsi.o)
 .debug_info    0x000000b1      0x47a c:/winavr-20100110/bin/../lib/gcc/avr/4.3.3/avr5\libgcc.a(_addsub_sf.o)
 .debug_info    0x0000052b      0x485 c:/winavr-20100110/bin/../lib/gcc/avr/4.3.3/avr5\libgcc.a(_mul_sf.o)
 .debug_info    0x000009b0      0x27f c:/winavr-20100110/bin/../lib/gcc/avr/4.3.3/avr5\libgcc.a(_gt_sf.o)
 .debug_info    0x00000c2f      0x27f c:/winavr-20100110/bin/../lib/gcc/avr/4.3.3/avr5\libgcc.a(_ge_sf.o)
 .debug_info    0x00000eae      0x27f c:/winavr-20100110/bin/../lib/gcc/avr/4.3.3/avr5\libgcc.a(_lt_sf.o)
 .debug_info    0x0000112d      0x2b0 c:/winavr-20100110/bin/../lib/gcc/avr/4.3.3/avr5\libgcc.a(_sf_to_si.o)
 .debug_info    0x000013dd      0x12c c:/winavr-20100110/bin/../lib/gcc/avr/4.3.3/avr5\libgcc.a(_thenan_sf.o)
 .debug_info    0x00001509      0x2df c:/winavr-20100110/bin/../lib/gcc/avr/4.3.3/avr5\libgcc.a(_pack_sf.o)
 .debug_info    0x000017e8      0x251 c:/winavr-20100110/bin/../lib/gcc/avr/4.3.3/avr5\libgcc.a(_unpack_sf.o)
 .debug_info    0x00001a39      0x210 c:/winavr-20100110/bin/../lib/gcc/avr/4.3.3/avr5\libgcc.a(_fpcmp_parts_sf.o)
 *(.gnu.linkonce.wi.*)

.debug_abbrev   0x00000000      0xeeb
 *(.debug_abbrev)
 .debug_abbrev  0x00000000       0x5d c:/winavr-20100110/bin/../lib/gcc/avr/4.3.3/avr5\libgcc.a(_fixunssfsi.o)
 .debug_abbrev  0x0000005d      0x1ea c:/winavr-20100110/bin/../lib/gcc/avr/4.3.3/avr5\libgcc.a(_addsub_sf.o)
 .debug_abbrev  0x00000247      0x21b c:/winavr-20100110/bin/../lib/gcc/avr/4.3.3/avr5\libgcc.a(_mul_sf.o)
 .debug_abbrev  0x00000462      0x15a c:/winavr-20100110/bin/../lib/gcc/avr/4.3.3/avr5\libgcc.a(_gt_sf.o)
 .debug_abbrev  0x000005bc      0x15a c:/winavr-20100110/bin/../lib/gcc/avr/4.3.3/avr5\libgcc.a(_ge_sf.o)
 .debug_abbrev  0x00000716      0x15a c:/winavr-20100110/bin/../lib/gcc/avr/4.3.3/avr5\libgcc.a(_lt_sf.o)
 .debug_abbrev  0x00000870      0x17f c:/winavr-20100110/bin/../lib/gcc/avr/4.3.3/avr5\libgcc.a(_sf_to_si.o)
 .debug_abbrev  0x000009ef       0xad c:/winavr-20100110/bin/../lib/gcc/avr/4.3.3/avr5\libgcc.a(_thenan_sf.o)
 .debug_abbrev  0x00000a9c      0x1c0 c:/winavr-20100110/bin/../lib/gcc/avr/4.3.3/avr5\libgcc.a(_pack_sf.o)
 .debug_abbrev  0x00000c5c      0x154 c:/winavr-20100110/bin/../lib/gcc/avr/4.3.3/avr5\libgcc.a(_unpack_sf.o)
 .debug_abbrev  0x00000db0      0x13b c:/winavr-20100110/bin/../lib/gcc/avr/4.3.3/avr5\libgcc.a(_fpcmp_parts_sf.o)

.debug_line     0x00000000      0xdad
 *(.debug_line)
 .debug_line    0x00000000       0xa7 c:/winavr-20100110/bin/../lib/gcc/avr/4.3.3/avr5\libgcc.a(_fixunssfsi.o)
 .debug_line    0x000000a7      0x2af c:/winavr-20100110/bin/../lib/gcc/avr/4.3.3/avr5\libgcc.a(_addsub_sf.o)
 .debug_line    0x00000356      0x239 c:/winavr-20100110/bin/../lib/gcc/avr/4.3.3/avr5\libgcc.a(_mul_sf.o)
 .debug_line    0x0000058f       0xd3 c:/winavr-20100110/bin/../lib/gcc/avr/4.3.3/avr5\libgcc.a(_gt_sf.o)
 .debug_line    0x00000662       0xd3 c:/winavr-20100110/bin/../lib/gcc/avr/4.3.3/avr5\libgcc.a(_ge_sf.o)
 .debug_line    0x00000735       0xd3 c:/winavr-20100110/bin/../lib/gcc/avr/4.3.3/avr5\libgcc.a(_lt_sf.o)
 .debug_line    0x00000808      0x109 c:/winavr-20100110/bin/../lib/gcc/avr/4.3.3/avr5\libgcc.a(_sf_to_si.o)
 .debug_line    0x00000911       0x90 c:/winavr-20100110/bin/../lib/gcc/avr/4.3.3/avr5\libgcc.a(_thenan_sf.o)
 .debug_line    0x000009a1      0x18a c:/winavr-20100110/bin/../lib/gcc/avr/4.3.3/avr5\libgcc.a(_pack_sf.o)
 .debug_line    0x00000b2b      0x14b c:/winavr-20100110/bin/../lib/gcc/avr/4.3.3/avr5\libgcc.a(_unpack_sf.o)
 .debug_line    0x00000c76      0x137 c:/winavr-20100110/bin/../lib/gcc/avr/4.3.3/avr5\libgcc.a(_fpcmp_parts_sf.o)

.debug_frame    0x00000000      0x160
 *(.debug_frame)
 .debug_frame   0x00000000       0x20 c:/winavr-20100110/bin/../lib/gcc/avr/4.3.3/avr5\libgcc.a(_fixunssfsi.o)
 .debug_frame   0x00000020       0x40 c:/winavr-20100110/bin/../lib/gcc/avr/4.3.3/avr5\libgcc.a(_addsub_sf.o)
 .debug_frame   0x00000060       0x20 c:/winavr-20100110/bin/../lib/gcc/avr/4.3.3/avr5\libgcc.a(_mul_sf.o)
 .debug_frame   0x00000080       0x20 c:/winavr-20100110/bin/../lib/gcc/avr/4.3.3/avr5\libgcc.a(_gt_sf.o)
 .debug_frame   0x000000a0       0x20 c:/winavr-20100110/bin/../lib/gcc/avr/4.3.3/avr5\libgcc.a(_ge_sf.o)
 .debug_frame   0x000000c0       0x20 c:/winavr-20100110/bin/../lib/gcc/avr/4.3.3/avr5\libgcc.a(_lt_sf.o)
 .debug_frame   0x000000e0       0x20 c:/winavr-20100110/bin/../lib/gcc/avr/4.3.3/avr5\libgcc.a(_sf_to_si.o)
 .debug_frame   0x00000100       0x20 c:/winavr-20100110/bin/../lib/gcc/avr/4.3.3/avr5\libgcc.a(_pack_sf.o)
 .debug_frame   0x00000120       0x20 c:/winavr-20100110/bin/../lib/gcc/avr/4.3.3/avr5\libgcc.a(_unpack_sf.o)
 .debug_frame   0x00000140       0x20 c:/winavr-20100110/bin/../lib/gcc/avr/4.3.3/avr5\libgcc.a(_fpcmp_parts_sf.o)

.debug_str      0x00000000      0x28d
 *(.debug_str)
 .debug_str     0x00000000       0xbf c:/winavr-20100110/bin/../lib/gcc/avr/4.3.3/avr5\libgcc.a(_fixunssfsi.o)
                                 0xfe (size before relaxing)
 .debug_str     0x000000bf      0x14d c:/winavr-20100110/bin/../lib/gcc/avr/4.3.3/avr5\libgcc.a(_addsub_sf.o)
                                0x206 (size before relaxing)
 .debug_str     0x0000020c       0x27 c:/winavr-20100110/bin/../lib/gcc/avr/4.3.3/avr5\libgcc.a(_mul_sf.o)
                                0x1bf (size before relaxing)
 .debug_str     0x00000233        0xf c:/winavr-20100110/bin/../lib/gcc/avr/4.3.3/avr5\libgcc.a(_gt_sf.o)
                                0x195 (size before relaxing)
 .debug_str     0x00000242        0x8 c:/winavr-20100110/bin/../lib/gcc/avr/4.3.3/avr5\libgcc.a(_ge_sf.o)
                                0x195 (size before relaxing)
 .debug_str     0x0000024a        0x8 c:/winavr-20100110/bin/../lib/gcc/avr/4.3.3/avr5\libgcc.a(_lt_sf.o)
                                0x195 (size before relaxing)
 .debug_str     0x00000252        0xa c:/winavr-20100110/bin/../lib/gcc/avr/4.3.3/avr5\libgcc.a(_sf_to_si.o)
                                0x19e (size before relaxing)
 .debug_str     0x00000000      0x103 c:/winavr-20100110/bin/../lib/gcc/avr/4.3.3/avr5\libgcc.a(_thenan_sf.o)
 .debug_str     0x0000025c       0x16 c:/winavr-20100110/bin/../lib/gcc/avr/4.3.3/avr5\libgcc.a(_pack_sf.o)
                                0x19d (size before relaxing)
 .debug_str     0x00000272        0xb c:/winavr-20100110/bin/../lib/gcc/avr/4.3.3/avr5\libgcc.a(_unpack_sf.o)
                                0x17f (size before relaxing)
 .debug_str     0x0000027d       0x10 c:/winavr-20100110/bin/../lib/gcc/avr/4.3.3/avr5\libgcc.a(_fpcmp_parts_sf.o)
                                0x163 (size before relaxing)

.debug_loc      0x00000000      0x7ce
 *(.debug_loc)
 .debug_loc     0x00000000       0x34 c:/winavr-20100110/bin/../lib/gcc/avr/4.3.3/avr5\libgcc.a(_fixunssfsi.o)
 .debug_loc     0x00000034      0x32a c:/winavr-20100110/bin/../lib/gcc/avr/4.3.3/avr5\libgcc.a(_addsub_sf.o)
 .debug_loc     0x0000035e      0x104 c:/winavr-20100110/bin/../lib/gcc/avr/4.3.3/avr5\libgcc.a(_mul_sf.o)
 .debug_loc     0x00000462       0x3c c:/winavr-20100110/bin/../lib/gcc/avr/4.3.3/avr5\libgcc.a(_gt_sf.o)
 .debug_loc     0x0000049e       0x3c c:/winavr-20100110/bin/../lib/gcc/avr/4.3.3/avr5\libgcc.a(_ge_sf.o)
 .debug_loc     0x000004da       0x3c c:/winavr-20100110/bin/../lib/gcc/avr/4.3.3/avr5\libgcc.a(_lt_sf.o)
 .debug_loc     0x00000516       0x7e c:/winavr-20100110/bin/../lib/gcc/avr/4.3.3/avr5\libgcc.a(_sf_to_si.o)
 .debug_loc     0x00000594      0x13e c:/winavr-20100110/bin/../lib/gcc/avr/4.3.3/avr5\libgcc.a(_pack_sf.o)
 .debug_loc     0x000006d2       0xac c:/winavr-20100110/bin/../lib/gcc/avr/4.3.3/avr5\libgcc.a(_unpack_sf.o)
 .debug_loc     0x0000077e       0x50 c:/winavr-20100110/bin/../lib/gcc/avr/4.3.3/avr5\libgcc.a(_fpcmp_parts_sf.o)

.debug_macinfo
 *(.debug_macinfo)
OUTPUT(RTOSGame.elf elf32-avr)
LOAD linker stubs

.debug_ranges   0x00000000       0x50
 .debug_ranges  0x00000000       0x50 c:/winavr-20100110/bin/../lib/gcc/avr/4.3.3/avr5\libgcc.a(_mul_sf.o)
